\BOOKMARK [0][-]{chapter.1}{\376\377\0001\000\040\000D\000i\000r\000e\000c\000t\000o\000r\000y\000\040\000H\000i\000e\000r\000a\000r\000c\000h\000y}{}% 1
\BOOKMARK [1][-]{section.1.1}{\376\377\0001\000.\0001\000\040\000D\000i\000r\000e\000c\000t\000o\000r\000i\000e\000s}{chapter.1}% 2
\BOOKMARK [0][-]{chapter.2}{\376\377\0002\000\040\000D\000a\000t\000a\000\040\000S\000t\000r\000u\000c\000t\000u\000r\000e\000\040\000I\000n\000d\000e\000x}{}% 3
\BOOKMARK [1][-]{section.2.1}{\376\377\0002\000.\0001\000\040\000D\000a\000t\000a\000\040\000S\000t\000r\000u\000c\000t\000u\000r\000e\000s}{chapter.2}% 4
\BOOKMARK [0][-]{chapter.3}{\376\377\0003\000\040\000F\000i\000l\000e\000\040\000I\000n\000d\000e\000x}{}% 5
\BOOKMARK [1][-]{section.3.1}{\376\377\0003\000.\0001\000\040\000F\000i\000l\000e\000\040\000L\000i\000s\000t}{chapter.3}% 6
\BOOKMARK [0][-]{chapter.4}{\376\377\0004\000\040\000D\000i\000r\000e\000c\000t\000o\000r\000y\000\040\000D\000o\000c\000u\000m\000e\000n\000t\000a\000t\000i\000o\000n}{}% 7
\BOOKMARK [1][-]{section.4.1}{\376\377\0004\000.\0001\000\040\000D\000:\000/\000b\000m\000e\000/\000p\000r\000o\000g\0001\000/\000n\000a\000g\000y\000h\000a\000z\000i\000/\000s\000r\000c\000\040\000D\000i\000r\000e\000c\000t\000o\000r\000y\000\040\000R\000e\000f\000e\000r\000e\000n\000c\000e}{chapter.4}% 8
\BOOKMARK [0][-]{chapter.5}{\376\377\0005\000\040\000D\000a\000t\000a\000\040\000S\000t\000r\000u\000c\000t\000u\000r\000e\000\040\000D\000o\000c\000u\000m\000e\000n\000t\000a\000t\000i\000o\000n}{}% 9
\BOOKMARK [1][-]{section.5.1}{\376\377\0005\000.\0001\000\040\000N\000o\000d\000e\000\040\000S\000t\000r\000u\000c\000t\000\040\000R\000e\000f\000e\000r\000e\000n\000c\000e}{chapter.5}% 10
\BOOKMARK [2][-]{subsection.5.1.1}{\376\377\0005\000.\0001\000.\0001\000\040\000D\000e\000t\000a\000i\000l\000e\000d\000\040\000D\000e\000s\000c\000r\000i\000p\000t\000i\000o\000n}{section.5.1}% 11
\BOOKMARK [2][-]{subsection.5.1.2}{\376\377\0005\000.\0001\000.\0002\000\040\000F\000i\000e\000l\000d\000\040\000D\000o\000c\000u\000m\000e\000n\000t\000a\000t\000i\000o\000n}{section.5.1}% 12
\BOOKMARK [3][-]{subsubsection.5.1.2.1}{\376\377\0005\000.\0001\000.\0002\000.\0001\000\040\000c\000h\000a\000r\000a\000c\000t\000e\000r}{subsection.5.1.2}% 13
\BOOKMARK [3][-]{subsubsection.5.1.2.2}{\376\377\0005\000.\0001\000.\0002\000.\0002\000\040\000d\000a\000s\000h}{subsection.5.1.2}% 14
\BOOKMARK [3][-]{subsubsection.5.1.2.3}{\376\377\0005\000.\0001\000.\0002\000.\0003\000\040\000d\000o\000t}{subsection.5.1.2}% 15
\BOOKMARK [1][-]{section.5.2}{\376\377\0005\000.\0002\000\040\000S\000p\000l\000i\000t\000\137\000s\000t\000r\000\040\000S\000t\000r\000u\000c\000t\000\040\000R\000e\000f\000e\000r\000e\000n\000c\000e}{chapter.5}% 16
\BOOKMARK [2][-]{subsection.5.2.1}{\376\377\0005\000.\0002\000.\0001\000\040\000D\000e\000t\000a\000i\000l\000e\000d\000\040\000D\000e\000s\000c\000r\000i\000p\000t\000i\000o\000n}{section.5.2}% 17
\BOOKMARK [2][-]{subsection.5.2.2}{\376\377\0005\000.\0002\000.\0002\000\040\000F\000i\000e\000l\000d\000\040\000D\000o\000c\000u\000m\000e\000n\000t\000a\000t\000i\000o\000n}{section.5.2}% 18
\BOOKMARK [3][-]{subsubsection.5.2.2.1}{\376\377\0005\000.\0002\000.\0002\000.\0001\000\040\000a\000r\000r}{subsection.5.2.2}% 19
\BOOKMARK [3][-]{subsubsection.5.2.2.2}{\376\377\0005\000.\0002\000.\0002\000.\0002\000\040\000l\000e\000n}{subsection.5.2.2}% 20
\BOOKMARK [0][-]{chapter.6}{\376\377\0006\000\040\000F\000i\000l\000e\000\040\000D\000o\000c\000u\000m\000e\000n\000t\000a\000t\000i\000o\000n}{}% 21
\BOOKMARK [1][-]{section.6.1}{\376\377\0006\000.\0001\000\040\000D\000:\000/\000b\000m\000e\000/\000p\000r\000o\000g\0001\000/\000n\000a\000g\000y\000h\000a\000z\000i\000/\000s\000r\000c\000/\000f\000i\000l\000e\000\137\000h\000a\000n\000d\000l\000i\000n\000g\000.\000c\000\040\000F\000i\000l\000e\000\040\000R\000e\000f\000e\000r\000e\000n\000c\000e}{chapter.6}% 22
\BOOKMARK [2][-]{subsection.6.1.1}{\376\377\0006\000.\0001\000.\0001\000\040\000F\000u\000n\000c\000t\000i\000o\000n\000\040\000D\000o\000c\000u\000m\000e\000n\000t\000a\000t\000i\000o\000n}{section.6.1}% 23
\BOOKMARK [3][-]{subsubsection.6.1.1.1}{\376\377\0006\000.\0001\000.\0001\000.\0001\000\040\000f\000i\000l\000e\000\137\000t\000o\000\137\000m\000o\000r\000s\000e\000\137\000t\000r\000e\000e\000\050\000\051}{subsection.6.1.1}% 24
\BOOKMARK [3][-]{subsubsection.6.1.1.2}{\376\377\0006\000.\0001\000.\0001\000.\0002\000\040\000r\000e\000a\000d\000\137\000a\000l\000l\000\137\000l\000i\000n\000e\000s\000\050\000\051}{subsection.6.1.1}% 25
\BOOKMARK [3][-]{subsubsection.6.1.1.3}{\376\377\0006\000.\0001\000.\0001\000.\0003\000\040\000r\000e\000m\000o\000v\000e\000\137\000n\000e\000w\000\137\000l\000i\000n\000e\000\137\000c\000h\000a\000r\000s\000\050\000\051}{subsection.6.1.1}% 26
\BOOKMARK [3][-]{subsubsection.6.1.1.4}{\376\377\0006\000.\0001\000.\0001\000.\0004\000\040\000w\000r\000i\000t\000e\000\137\000t\000o\000\137\000f\000i\000l\000e\000\050\000\051}{subsection.6.1.1}% 27
\BOOKMARK [1][-]{section.6.2}{\376\377\0006\000.\0002\000\040\000f\000i\000l\000e\000\137\000h\000a\000n\000d\000l\000i\000n\000g\000.\000c}{chapter.6}% 28
\BOOKMARK [1][-]{section.6.3}{\376\377\0006\000.\0003\000\040\000D\000:\000/\000b\000m\000e\000/\000p\000r\000o\000g\0001\000/\000n\000a\000g\000y\000h\000a\000z\000i\000/\000s\000r\000c\000/\000f\000i\000l\000e\000\137\000h\000a\000n\000d\000l\000i\000n\000g\000.\000h\000\040\000F\000i\000l\000e\000\040\000R\000e\000f\000e\000r\000e\000n\000c\000e}{chapter.6}% 29
\BOOKMARK [2][-]{subsection.6.3.1}{\376\377\0006\000.\0003\000.\0001\000\040\000F\000u\000n\000c\000t\000i\000o\000n\000\040\000D\000o\000c\000u\000m\000e\000n\000t\000a\000t\000i\000o\000n}{section.6.3}% 30
\BOOKMARK [3][-]{subsubsection.6.3.1.1}{\376\377\0006\000.\0003\000.\0001\000.\0001\000\040\000f\000i\000l\000e\000\137\000t\000o\000\137\000m\000o\000r\000s\000e\000\137\000t\000r\000e\000e\000\050\000\051}{subsection.6.3.1}% 31
\BOOKMARK [3][-]{subsubsection.6.3.1.2}{\376\377\0006\000.\0003\000.\0001\000.\0002\000\040\000r\000e\000a\000d\000\137\000a\000l\000l\000\137\000l\000i\000n\000e\000s\000\050\000\051}{subsection.6.3.1}% 32
\BOOKMARK [3][-]{subsubsection.6.3.1.3}{\376\377\0006\000.\0003\000.\0001\000.\0003\000\040\000r\000e\000m\000o\000v\000e\000\137\000n\000e\000w\000\137\000l\000i\000n\000e\000\137\000c\000h\000a\000r\000s\000\050\000\051}{subsection.6.3.1}% 33
\BOOKMARK [3][-]{subsubsection.6.3.1.4}{\376\377\0006\000.\0003\000.\0001\000.\0004\000\040\000w\000r\000i\000t\000e\000\137\000t\000o\000\137\000f\000i\000l\000e\000\050\000\051}{subsection.6.3.1}% 34
\BOOKMARK [1][-]{section.6.4}{\376\377\0006\000.\0004\000\040\000f\000i\000l\000e\000\137\000h\000a\000n\000d\000l\000i\000n\000g\000.\000h}{chapter.6}% 35
\BOOKMARK [1][-]{section.6.5}{\376\377\0006\000.\0005\000\040\000D\000:\000/\000b\000m\000e\000/\000p\000r\000o\000g\0001\000/\000n\000a\000g\000y\000h\000a\000z\000i\000/\000s\000r\000c\000/\000m\000a\000i\000n\000.\000c\000\040\000F\000i\000l\000e\000\040\000R\000e\000f\000e\000r\000e\000n\000c\000e}{chapter.6}% 36
\BOOKMARK [2][-]{subsection.6.5.1}{\376\377\0006\000.\0005\000.\0001\000\040\000M\000a\000c\000r\000o\000\040\000D\000e\000f\000i\000n\000i\000t\000i\000o\000n\000\040\000D\000o\000c\000u\000m\000e\000n\000t\000a\000t\000i\000o\000n}{section.6.5}% 37
\BOOKMARK [3][-]{subsubsection.6.5.1.1}{\376\377\0006\000.\0005\000.\0001\000.\0001\000\040\000N\000D\000E\000B\000U\000G}{subsection.6.5.1}% 38
\BOOKMARK [2][-]{subsection.6.5.2}{\376\377\0006\000.\0005\000.\0002\000\040\000F\000u\000n\000c\000t\000i\000o\000n\000\040\000D\000o\000c\000u\000m\000e\000n\000t\000a\000t\000i\000o\000n}{section.6.5}% 39
\BOOKMARK [3][-]{subsubsection.6.5.2.1}{\376\377\0006\000.\0005\000.\0002\000.\0001\000\040\000m\000a\000i\000n\000\050\000\051}{subsection.6.5.2}% 40
\BOOKMARK [1][-]{section.6.6}{\376\377\0006\000.\0006\000\040\000m\000a\000i\000n\000.\000c}{chapter.6}% 41
\BOOKMARK [1][-]{section.6.7}{\376\377\0006\000.\0007\000\040\000D\000:\000/\000b\000m\000e\000/\000p\000r\000o\000g\0001\000/\000n\000a\000g\000y\000h\000a\000z\000i\000/\000s\000r\000c\000/\000m\000o\000r\000s\000e\000.\000c\000\040\000F\000i\000l\000e\000\040\000R\000e\000f\000e\000r\000e\000n\000c\000e}{chapter.6}% 42
\BOOKMARK [2][-]{subsection.6.7.1}{\376\377\0006\000.\0007\000.\0001\000\040\000F\000u\000n\000c\000t\000i\000o\000n\000\040\000D\000o\000c\000u\000m\000e\000n\000t\000a\000t\000i\000o\000n}{section.6.7}% 43
\BOOKMARK [3][-]{subsubsection.6.7.1.1}{\376\377\0006\000.\0007\000.\0001\000.\0001\000\040\000a\000d\000d\000\137\000g\000e\000n\000e\000r\000a\000t\000e\000\137\000m\000o\000r\000s\000e\000\050\000\051}{subsection.6.7.1}% 44
\BOOKMARK [3][-]{subsubsection.6.7.1.2}{\376\377\0006\000.\0007\000.\0001\000.\0002\000\040\000d\000e\000c\000o\000d\000e\000\137\000m\000o\000r\000s\000e\000\137\000c\000h\000a\000r\000\050\000\051}{subsection.6.7.1}% 45
\BOOKMARK [3][-]{subsubsection.6.7.1.3}{\376\377\0006\000.\0007\000.\0001\000.\0003\000\040\000d\000e\000c\000o\000d\000e\000\137\000m\000o\000r\000s\000e\000\137\000t\000e\000x\000t\000\050\000\051}{subsection.6.7.1}% 46
\BOOKMARK [3][-]{subsubsection.6.7.1.4}{\376\377\0006\000.\0007\000.\0001\000.\0004\000\040\000d\000e\000c\000o\000d\000e\000\137\000m\000o\000r\000s\000e\000\137\000w\000o\000r\000d\000\050\000\051}{subsection.6.7.1}% 47
\BOOKMARK [3][-]{subsubsection.6.7.1.5}{\376\377\0006\000.\0007\000.\0001\000.\0005\000\040\000d\000u\000m\000p\000\137\000n\000o\000d\000e\000\050\000\051}{subsection.6.7.1}% 48
\BOOKMARK [3][-]{subsubsection.6.7.1.6}{\376\377\0006\000.\0007\000.\0001\000.\0006\000\040\000d\000u\000m\000p\000\137\000t\000r\000e\000e\000\050\000\051}{subsection.6.7.1}% 49
\BOOKMARK [3][-]{subsubsection.6.7.1.7}{\376\377\0006\000.\0007\000.\0001\000.\0007\000\040\000e\000n\000c\000o\000d\000e\000\137\000c\000h\000a\000r\000\050\000\051}{subsection.6.7.1}% 50
\BOOKMARK [3][-]{subsubsection.6.7.1.8}{\376\377\0006\000.\0007\000.\0001\000.\0008\000\040\000e\000n\000c\000o\000d\000e\000\137\000t\000e\000x\000t\000\050\000\051}{subsection.6.7.1}% 51
\BOOKMARK [3][-]{subsubsection.6.7.1.9}{\376\377\0006\000.\0007\000.\0001\000.\0009\000\040\000e\000n\000c\000o\000d\000e\000\137\000w\000o\000r\000d\000\050\000\051}{subsection.6.7.1}% 52
\BOOKMARK [3][-]{subsubsection.6.7.1.10}{\376\377\0006\000.\0007\000.\0001\000.\0001\0000\000\040\000f\000l\000a\000t\000t\000e\000n\000\137\000s\000p\000l\000i\000t\000\137\000s\000t\000r\000\050\000\051}{subsection.6.7.1}% 53
\BOOKMARK [3][-]{subsubsection.6.7.1.11}{\376\377\0006\000.\0007\000.\0001\000.\0001\0001\000\040\000f\000r\000e\000e\000\137\000s\000p\000l\000i\000t\000\137\000s\000t\000r\000\050\000\051}{subsection.6.7.1}% 54
\BOOKMARK [3][-]{subsubsection.6.7.1.12}{\376\377\0006\000.\0007\000.\0001\000.\0001\0002\000\040\000f\000r\000e\000e\000\137\000t\000r\000e\000e\000\050\000\051}{subsection.6.7.1}% 55
\BOOKMARK [3][-]{subsubsection.6.7.1.13}{\376\377\0006\000.\0007\000.\0001\000.\0001\0003\000\040\000i\000n\000i\000t\000\137\000n\000o\000d\000e\000\050\000\051}{subsection.6.7.1}% 56
\BOOKMARK [3][-]{subsubsection.6.7.1.14}{\376\377\0006\000.\0007\000.\0001\000.\0001\0004\000\040\000p\000r\000i\000n\000t\000\137\000e\000r\000r\000o\000r\000\137\000a\000n\000d\000\137\000e\000x\000i\000t\000\050\000\051}{subsection.6.7.1}% 57
\BOOKMARK [3][-]{subsubsection.6.7.1.15}{\376\377\0006\000.\0007\000.\0001\000.\0001\0005\000\040\000s\000p\000l\000i\000t\000\137\000s\000t\000r\000\050\000\051}{subsection.6.7.1}% 58
\BOOKMARK [3][-]{subsubsection.6.7.1.16}{\376\377\0006\000.\0007\000.\0001\000.\0001\0006\000\040\000t\000r\000y\000\137\000a\000d\000d\000\137\000n\000o\000d\000e\000\050\000\051}{subsection.6.7.1}% 59
\BOOKMARK [1][-]{section.6.8}{\376\377\0006\000.\0008\000\040\000m\000o\000r\000s\000e\000.\000c}{chapter.6}% 60
\BOOKMARK [1][-]{section.6.9}{\376\377\0006\000.\0009\000\040\000D\000:\000/\000b\000m\000e\000/\000p\000r\000o\000g\0001\000/\000n\000a\000g\000y\000h\000a\000z\000i\000/\000s\000r\000c\000/\000m\000o\000r\000s\000e\000.\000h\000\040\000F\000i\000l\000e\000\040\000R\000e\000f\000e\000r\000e\000n\000c\000e}{chapter.6}% 61
\BOOKMARK [2][-]{subsection.6.9.1}{\376\377\0006\000.\0009\000.\0001\000\040\000T\000y\000p\000e\000d\000e\000f\000\040\000D\000o\000c\000u\000m\000e\000n\000t\000a\000t\000i\000o\000n}{section.6.9}% 62
\BOOKMARK [3][-]{subsubsection.6.9.1.1}{\376\377\0006\000.\0009\000.\0001\000.\0001\000\040\000N\000o\000d\000e}{subsection.6.9.1}% 63
\BOOKMARK [3][-]{subsubsection.6.9.1.2}{\376\377\0006\000.\0009\000.\0001\000.\0002\000\040\000S\000p\000l\000i\000t\000\137\000s\000t\000r}{subsection.6.9.1}% 64
\BOOKMARK [2][-]{subsection.6.9.2}{\376\377\0006\000.\0009\000.\0002\000\040\000F\000u\000n\000c\000t\000i\000o\000n\000\040\000D\000o\000c\000u\000m\000e\000n\000t\000a\000t\000i\000o\000n}{section.6.9}% 65
\BOOKMARK [3][-]{subsubsection.6.9.2.1}{\376\377\0006\000.\0009\000.\0002\000.\0001\000\040\000a\000d\000d\000\137\000g\000e\000n\000e\000r\000a\000t\000e\000\137\000m\000o\000r\000s\000e\000\050\000\051}{subsection.6.9.2}% 66
\BOOKMARK [3][-]{subsubsection.6.9.2.2}{\376\377\0006\000.\0009\000.\0002\000.\0002\000\040\000d\000e\000c\000o\000d\000e\000\137\000m\000o\000r\000s\000e\000\137\000c\000h\000a\000r\000\050\000\051}{subsection.6.9.2}% 67
\BOOKMARK [3][-]{subsubsection.6.9.2.3}{\376\377\0006\000.\0009\000.\0002\000.\0003\000\040\000d\000e\000c\000o\000d\000e\000\137\000m\000o\000r\000s\000e\000\137\000t\000e\000x\000t\000\050\000\051}{subsection.6.9.2}% 68
\BOOKMARK [3][-]{subsubsection.6.9.2.4}{\376\377\0006\000.\0009\000.\0002\000.\0004\000\040\000d\000e\000c\000o\000d\000e\000\137\000m\000o\000r\000s\000e\000\137\000w\000o\000r\000d\000\050\000\051}{subsection.6.9.2}% 69
\BOOKMARK [3][-]{subsubsection.6.9.2.5}{\376\377\0006\000.\0009\000.\0002\000.\0005\000\040\000d\000u\000m\000p\000\137\000n\000o\000d\000e\000\050\000\051}{subsection.6.9.2}% 70
\BOOKMARK [3][-]{subsubsection.6.9.2.6}{\376\377\0006\000.\0009\000.\0002\000.\0006\000\040\000d\000u\000m\000p\000\137\000t\000r\000e\000e\000\050\000\051}{subsection.6.9.2}% 71
\BOOKMARK [3][-]{subsubsection.6.9.2.7}{\376\377\0006\000.\0009\000.\0002\000.\0007\000\040\000e\000n\000c\000o\000d\000e\000\137\000c\000h\000a\000r\000\050\000\051}{subsection.6.9.2}% 72
\BOOKMARK [3][-]{subsubsection.6.9.2.8}{\376\377\0006\000.\0009\000.\0002\000.\0008\000\040\000e\000n\000c\000o\000d\000e\000\137\000t\000e\000x\000t\000\050\000\051}{subsection.6.9.2}% 73
\BOOKMARK [3][-]{subsubsection.6.9.2.9}{\376\377\0006\000.\0009\000.\0002\000.\0009\000\040\000e\000n\000c\000o\000d\000e\000\137\000w\000o\000r\000d\000\050\000\051}{subsection.6.9.2}% 74
\BOOKMARK [3][-]{subsubsection.6.9.2.10}{\376\377\0006\000.\0009\000.\0002\000.\0001\0000\000\040\000f\000l\000a\000t\000t\000e\000n\000\137\000s\000p\000l\000i\000t\000\137\000s\000t\000r\000\050\000\051}{subsection.6.9.2}% 75
\BOOKMARK [3][-]{subsubsection.6.9.2.11}{\376\377\0006\000.\0009\000.\0002\000.\0001\0001\000\040\000f\000r\000e\000e\000\137\000s\000p\000l\000i\000t\000\137\000s\000t\000r\000\050\000\051}{subsection.6.9.2}% 76
\BOOKMARK [3][-]{subsubsection.6.9.2.12}{\376\377\0006\000.\0009\000.\0002\000.\0001\0002\000\040\000f\000r\000e\000e\000\137\000t\000r\000e\000e\000\050\000\051}{subsection.6.9.2}% 77
\BOOKMARK [3][-]{subsubsection.6.9.2.13}{\376\377\0006\000.\0009\000.\0002\000.\0001\0003\000\040\000i\000n\000i\000t\000\137\000n\000o\000d\000e\000\050\000\051}{subsection.6.9.2}% 78
\BOOKMARK [3][-]{subsubsection.6.9.2.14}{\376\377\0006\000.\0009\000.\0002\000.\0001\0004\000\040\000p\000r\000i\000n\000t\000\137\000e\000r\000r\000o\000r\000\137\000a\000n\000d\000\137\000e\000x\000i\000t\000\050\000\051}{subsection.6.9.2}% 79
\BOOKMARK [3][-]{subsubsection.6.9.2.15}{\376\377\0006\000.\0009\000.\0002\000.\0001\0005\000\040\000s\000p\000l\000i\000t\000\137\000s\000t\000r\000\050\000\051}{subsection.6.9.2}% 80
\BOOKMARK [3][-]{subsubsection.6.9.2.16}{\376\377\0006\000.\0009\000.\0002\000.\0001\0006\000\040\000t\000r\000y\000\137\000a\000d\000d\000\137\000n\000o\000d\000e\000\050\000\051}{subsection.6.9.2}% 81
\BOOKMARK [1][-]{section.6.10}{\376\377\0006\000.\0001\0000\000\040\000m\000o\000r\000s\000e\000.\000h}{chapter.6}% 82
\BOOKMARK [1][-]{section.6.11}{\376\377\0006\000.\0001\0001\000\040\000D\000:\000/\000b\000m\000e\000/\000p\000r\000o\000g\0001\000/\000n\000a\000g\000y\000h\000a\000z\000i\000/\000s\000r\000c\000/\000t\000e\000s\000t\000s\000.\000c\000\040\000F\000i\000l\000e\000\040\000R\000e\000f\000e\000r\000e\000n\000c\000e}{chapter.6}% 83
\BOOKMARK [2][-]{subsection.6.11.1}{\376\377\0006\000.\0001\0001\000.\0001\000\040\000F\000u\000n\000c\000t\000i\000o\000n\000\040\000D\000o\000c\000u\000m\000e\000n\000t\000a\000t\000i\000o\000n}{section.6.11}% 84
\BOOKMARK [3][-]{subsubsection.6.11.1.1}{\376\377\0006\000.\0001\0001\000.\0001\000.\0001\000\040\000m\000o\000c\000k\000\137\000s\000p\000l\000i\000t\000\137\000s\000t\000r\000\050\000\051}{subsection.6.11.1}% 85
\BOOKMARK [3][-]{subsubsection.6.11.1.2}{\376\377\0006\000.\0001\0001\000.\0001\000.\0002\000\040\000m\000o\000c\000k\000\137\000t\000r\000e\000e\000\050\000\051}{subsection.6.11.1}% 86
\BOOKMARK [3][-]{subsubsection.6.11.1.3}{\376\377\0006\000.\0001\0001\000.\0001\000.\0003\000\040\000r\000u\000n\000\137\000a\000l\000l\000\137\000t\000e\000s\000t\000s\000\050\000\051}{subsection.6.11.1}% 87
\BOOKMARK [3][-]{subsubsection.6.11.1.4}{\376\377\0006\000.\0001\0001\000.\0001\000.\0004\000\040\000t\000e\000s\000t\000\137\000a\000d\000d\000\137\000g\000e\000n\000e\000r\000a\000t\000e\000\137\000m\000o\000r\000s\000e\000\050\000\051}{subsection.6.11.1}% 88
\BOOKMARK [3][-]{subsubsection.6.11.1.5}{\376\377\0006\000.\0001\0001\000.\0001\000.\0005\000\040\000t\000e\000s\000t\000\137\000d\000e\000c\000o\000d\000e\000\137\000c\000h\000a\000r\000\050\000\051}{subsection.6.11.1}% 89
\BOOKMARK [3][-]{subsubsection.6.11.1.6}{\376\377\0006\000.\0001\0001\000.\0001\000.\0006\000\040\000t\000e\000s\000t\000\137\000d\000e\000c\000o\000d\000e\000\137\000t\000e\000x\000t\000\050\000\051}{subsection.6.11.1}% 90
\BOOKMARK [3][-]{subsubsection.6.11.1.7}{\376\377\0006\000.\0001\0001\000.\0001\000.\0007\000\040\000t\000e\000s\000t\000\137\000d\000e\000c\000o\000d\000e\000\137\000w\000o\000r\000d\000\050\000\051}{subsection.6.11.1}% 91
\BOOKMARK [3][-]{subsubsection.6.11.1.8}{\376\377\0006\000.\0001\0001\000.\0001\000.\0008\000\040\000t\000e\000s\000t\000\137\000e\000n\000c\000o\000d\000e\000\137\000c\000h\000a\000r\000\050\000\051}{subsection.6.11.1}% 92
\BOOKMARK [3][-]{subsubsection.6.11.1.9}{\376\377\0006\000.\0001\0001\000.\0001\000.\0009\000\040\000t\000e\000s\000t\000\137\000e\000n\000c\000o\000d\000e\000\137\000t\000e\000x\000t\000\050\000\051}{subsection.6.11.1}% 93
\BOOKMARK [3][-]{subsubsection.6.11.1.10}{\376\377\0006\000.\0001\0001\000.\0001\000.\0001\0000\000\040\000t\000e\000s\000t\000\137\000e\000n\000c\000o\000d\000e\000\137\000w\000o\000r\000d\000\050\000\051}{subsection.6.11.1}% 94
\BOOKMARK [3][-]{subsubsection.6.11.1.11}{\376\377\0006\000.\0001\0001\000.\0001\000.\0001\0001\000\040\000t\000e\000s\000t\000\137\000f\000i\000l\000e\000\137\000t\000o\000\137\000m\000o\000r\000s\000e\000\137\000t\000r\000e\000e\000\050\000\051}{subsection.6.11.1}% 95
\BOOKMARK [3][-]{subsubsection.6.11.1.12}{\376\377\0006\000.\0001\0001\000.\0001\000.\0001\0002\000\040\000t\000e\000s\000t\000\137\000f\000l\000a\000t\000t\000e\000n\000\137\000s\000p\000l\000i\000t\000\137\000s\000t\000r\000\050\000\051}{subsection.6.11.1}% 96
\BOOKMARK [3][-]{subsubsection.6.11.1.13}{\376\377\0006\000.\0001\0001\000.\0001\000.\0001\0003\000\040\000t\000e\000s\000t\000\137\000f\000r\000e\000e\000\137\000s\000p\000l\000i\000t\000\137\000s\000t\000r\000\050\000\051}{subsection.6.11.1}% 97
\BOOKMARK [3][-]{subsubsection.6.11.1.14}{\376\377\0006\000.\0001\0001\000.\0001\000.\0001\0004\000\040\000t\000e\000s\000t\000\137\000f\000r\000e\000e\000\137\000t\000r\000e\000e\000\050\000\051}{subsection.6.11.1}% 98
\BOOKMARK [3][-]{subsubsection.6.11.1.15}{\376\377\0006\000.\0001\0001\000.\0001\000.\0001\0005\000\040\000t\000e\000s\000t\000\137\000i\000n\000i\000t\000\137\000n\000o\000d\000e\000\050\000\051}{subsection.6.11.1}% 99
\BOOKMARK [3][-]{subsubsection.6.11.1.16}{\376\377\0006\000.\0001\0001\000.\0001\000.\0001\0006\000\040\000t\000e\000s\000t\000\137\000r\000e\000a\000d\000\137\000a\000l\000l\000\137\000l\000i\000n\000e\000s\000\050\000\051}{subsection.6.11.1}% 100
\BOOKMARK [3][-]{subsubsection.6.11.1.17}{\376\377\0006\000.\0001\0001\000.\0001\000.\0001\0007\000\040\000t\000e\000s\000t\000\137\000r\000e\000m\000o\000v\000e\000\137\000n\000e\000w\000\137\000l\000i\000n\000e\000s\000\137\000c\000h\000a\000r\000s\000\050\000\051}{subsection.6.11.1}% 101
\BOOKMARK [3][-]{subsubsection.6.11.1.18}{\376\377\0006\000.\0001\0001\000.\0001\000.\0001\0008\000\040\000t\000e\000s\000t\000\137\000s\000p\000l\000i\000t\000\137\000s\000t\000r\000\050\000\051}{subsection.6.11.1}% 102
\BOOKMARK [3][-]{subsubsection.6.11.1.19}{\376\377\0006\000.\0001\0001\000.\0001\000.\0001\0009\000\040\000t\000e\000s\000t\000\137\000w\000r\000i\000t\000e\000\137\000t\000o\000\137\000f\000i\000l\000e\000\050\000\051}{subsection.6.11.1}% 103
\BOOKMARK [1][-]{section.6.12}{\376\377\0006\000.\0001\0002\000\040\000t\000e\000s\000t\000s\000.\000c}{chapter.6}% 104
\BOOKMARK [1][-]{section.6.13}{\376\377\0006\000.\0001\0003\000\040\000D\000:\000/\000b\000m\000e\000/\000p\000r\000o\000g\0001\000/\000n\000a\000g\000y\000h\000a\000z\000i\000/\000s\000r\000c\000/\000t\000e\000s\000t\000s\000.\000h\000\040\000F\000i\000l\000e\000\040\000R\000e\000f\000e\000r\000e\000n\000c\000e}{chapter.6}% 105
\BOOKMARK [2][-]{subsection.6.13.1}{\376\377\0006\000.\0001\0003\000.\0001\000\040\000F\000u\000n\000c\000t\000i\000o\000n\000\040\000D\000o\000c\000u\000m\000e\000n\000t\000a\000t\000i\000o\000n}{section.6.13}% 106
\BOOKMARK [3][-]{subsubsection.6.13.1.1}{\376\377\0006\000.\0001\0003\000.\0001\000.\0001\000\040\000m\000o\000c\000k\000\137\000s\000p\000l\000i\000t\000\137\000s\000t\000r\000\050\000\051}{subsection.6.13.1}% 107
\BOOKMARK [3][-]{subsubsection.6.13.1.2}{\376\377\0006\000.\0001\0003\000.\0001\000.\0002\000\040\000m\000o\000c\000k\000\137\000t\000r\000e\000e\000\050\000\051}{subsection.6.13.1}% 108
\BOOKMARK [3][-]{subsubsection.6.13.1.3}{\376\377\0006\000.\0001\0003\000.\0001\000.\0003\000\040\000r\000u\000n\000\137\000a\000l\000l\000\137\000t\000e\000s\000t\000s\000\050\000\051}{subsection.6.13.1}% 109
\BOOKMARK [3][-]{subsubsection.6.13.1.4}{\376\377\0006\000.\0001\0003\000.\0001\000.\0004\000\040\000t\000e\000s\000t\000\137\000a\000d\000d\000\137\000g\000e\000n\000e\000r\000a\000t\000e\000\137\000m\000o\000r\000s\000e\000\050\000\051}{subsection.6.13.1}% 110
\BOOKMARK [3][-]{subsubsection.6.13.1.5}{\376\377\0006\000.\0001\0003\000.\0001\000.\0005\000\040\000t\000e\000s\000t\000\137\000d\000e\000c\000o\000d\000e\000\137\000c\000h\000a\000r\000\050\000\051}{subsection.6.13.1}% 111
\BOOKMARK [3][-]{subsubsection.6.13.1.6}{\376\377\0006\000.\0001\0003\000.\0001\000.\0006\000\040\000t\000e\000s\000t\000\137\000d\000e\000c\000o\000d\000e\000\137\000t\000e\000x\000t\000\050\000\051}{subsection.6.13.1}% 112
\BOOKMARK [3][-]{subsubsection.6.13.1.7}{\376\377\0006\000.\0001\0003\000.\0001\000.\0007\000\040\000t\000e\000s\000t\000\137\000d\000e\000c\000o\000d\000e\000\137\000w\000o\000r\000d\000\050\000\051}{subsection.6.13.1}% 113
\BOOKMARK [3][-]{subsubsection.6.13.1.8}{\376\377\0006\000.\0001\0003\000.\0001\000.\0008\000\040\000t\000e\000s\000t\000\137\000e\000n\000c\000o\000d\000e\000\137\000c\000h\000a\000r\000\050\000\051}{subsection.6.13.1}% 114
\BOOKMARK [3][-]{subsubsection.6.13.1.9}{\376\377\0006\000.\0001\0003\000.\0001\000.\0009\000\040\000t\000e\000s\000t\000\137\000e\000n\000c\000o\000d\000e\000\137\000t\000e\000x\000t\000\050\000\051}{subsection.6.13.1}% 115
\BOOKMARK [3][-]{subsubsection.6.13.1.10}{\376\377\0006\000.\0001\0003\000.\0001\000.\0001\0000\000\040\000t\000e\000s\000t\000\137\000e\000n\000c\000o\000d\000e\000\137\000w\000o\000r\000d\000\050\000\051}{subsection.6.13.1}% 116
\BOOKMARK [3][-]{subsubsection.6.13.1.11}{\376\377\0006\000.\0001\0003\000.\0001\000.\0001\0001\000\040\000t\000e\000s\000t\000\137\000f\000i\000l\000e\000\137\000t\000o\000\137\000m\000o\000r\000s\000e\000\137\000t\000r\000e\000e\000\050\000\051}{subsection.6.13.1}% 117
\BOOKMARK [3][-]{subsubsection.6.13.1.12}{\376\377\0006\000.\0001\0003\000.\0001\000.\0001\0002\000\040\000t\000e\000s\000t\000\137\000f\000l\000a\000t\000t\000e\000n\000\137\000s\000p\000l\000i\000t\000\137\000s\000t\000r\000\050\000\051}{subsection.6.13.1}% 118
\BOOKMARK [3][-]{subsubsection.6.13.1.13}{\376\377\0006\000.\0001\0003\000.\0001\000.\0001\0003\000\040\000t\000e\000s\000t\000\137\000f\000r\000e\000e\000\137\000s\000p\000l\000i\000t\000\137\000s\000t\000r\000\050\000\051}{subsection.6.13.1}% 119
\BOOKMARK [3][-]{subsubsection.6.13.1.14}{\376\377\0006\000.\0001\0003\000.\0001\000.\0001\0004\000\040\000t\000e\000s\000t\000\137\000f\000r\000e\000e\000\137\000t\000r\000e\000e\000\050\000\051}{subsection.6.13.1}% 120
\BOOKMARK [3][-]{subsubsection.6.13.1.15}{\376\377\0006\000.\0001\0003\000.\0001\000.\0001\0005\000\040\000t\000e\000s\000t\000\137\000i\000n\000i\000t\000\137\000n\000o\000d\000e\000\050\000\051}{subsection.6.13.1}% 121
\BOOKMARK [3][-]{subsubsection.6.13.1.16}{\376\377\0006\000.\0001\0003\000.\0001\000.\0001\0006\000\040\000t\000e\000s\000t\000\137\000r\000e\000a\000d\000\137\000a\000l\000l\000\137\000l\000i\000n\000e\000s\000\050\000\051}{subsection.6.13.1}% 122
\BOOKMARK [3][-]{subsubsection.6.13.1.17}{\376\377\0006\000.\0001\0003\000.\0001\000.\0001\0007\000\040\000t\000e\000s\000t\000\137\000r\000e\000m\000o\000v\000e\000\137\000n\000e\000w\000\137\000l\000i\000n\000e\000s\000\137\000c\000h\000a\000r\000s\000\050\000\051}{subsection.6.13.1}% 123
\BOOKMARK [3][-]{subsubsection.6.13.1.18}{\376\377\0006\000.\0001\0003\000.\0001\000.\0001\0008\000\040\000t\000e\000s\000t\000\137\000s\000p\000l\000i\000t\000\137\000s\000t\000r\000\050\000\051}{subsection.6.13.1}% 124
\BOOKMARK [3][-]{subsubsection.6.13.1.19}{\376\377\0006\000.\0001\0003\000.\0001\000.\0001\0009\000\040\000t\000e\000s\000t\000\137\000w\000r\000i\000t\000e\000\137\000t\000o\000\137\000f\000i\000l\000e\000\050\000\051}{subsection.6.13.1}% 125
\BOOKMARK [1][-]{section.6.14}{\376\377\0006\000.\0001\0004\000\040\000t\000e\000s\000t\000s\000.\000h}{chapter.6}% 126
\BOOKMARK [0][-]{section*.14}{\376\377\000I\000n\000d\000e\000x}{}% 127
